\BOOKMARK [0][-]{chapter.1}{\376\377\000M\000a\000n\000u\000a\000l\000:\000\040\000P\000N\000M\000L\000\137\000F\000r\000o\000n\000t\000e\000n\000d}{}% 1
\BOOKMARK [1][-]{section.1.1}{\376\377\000S\000y\000s\000t\000e\000m\000\040\000A\000r\000c\000h\000i\000t\000e\000c\000t\000u\000r\000e\000\040\000O\000v\000e\000r\000v\000i\000e\000w}{chapter.1}% 2
\BOOKMARK [1][-]{section.1.2}{\376\377\000C\000h\000a\000p\000t\000e\000r\000s}{chapter.1}% 3
\BOOKMARK [0][-]{chapter.2}{\376\377\000P\000e\000t\000r\000i\000\040\000N\000e\000t\000\040\000P\000r\000i\000m\000i\000t\000i\000v\000e\000s}{}% 4
\BOOKMARK [1][-]{section.2.1}{\376\377\000T\000h\000e\000\040\000M\000o\000t\000i\000v\000a\000t\000i\000o\000n\000:\000\040\000A\000\040\000B\000o\000a\000r\000d\000\040\000G\000a\000m\000e\000\040\000A\000n\000a\000l\000o\000g\000y}{chapter.2}% 5
\BOOKMARK [2][-]{subsection.2.1.1}{\376\377\000T\000h\000e\000\040\000U\000s\000e\000\040\000C\000a\000s\000e\000:\000\040\000T\000h\000e\000\040\000C\000o\000f\000f\000e\000e\000\040\000M\000a\000c\000h\000i\000n\000e}{section.2.1}% 6
\BOOKMARK [1][-]{section.2.2}{\376\377\000T\000h\000e\000\040\000K\000e\000y\000\040\000C\000o\000n\000c\000e\000p\000t\000s}{chapter.2}% 7
\BOOKMARK [2][-]{subsection.2.2.1}{\376\377\000T\000h\000e\000\040\000P\000l\000a\000c\000e\000\040\000\050\000P\000l\000a\000c\000e\000\051}{section.2.2}% 8
\BOOKMARK [2][-]{subsection.2.2.2}{\376\377\000T\000h\000e\000\040\000T\000r\000a\000n\000s\000i\000t\000i\000o\000n\000\040\000\050\000T\000r\000a\000n\000s\000i\000t\000i\000o\000n\000\051}{section.2.2}% 9
\BOOKMARK [2][-]{subsection.2.2.3}{\376\377\000T\000h\000e\000\040\000A\000r\000c\000\040\000\050\000A\000r\000c\000\051}{section.2.2}% 10
\BOOKMARK [1][-]{section.2.3}{\376\377\000U\000s\000i\000n\000g\000\040\000t\000h\000e\000\040\000P\000r\000i\000m\000i\000t\000i\000v\000e\000s}{chapter.2}% 11
\BOOKMARK [2][-]{subsection.2.3.1}{\376\377\000S\000t\000e\000p\000\040\0001\000:\000\040\000C\000r\000e\000a\000t\000e\000\040\000t\000h\000e\000\040\000W\000a\000t\000e\000r\000\040\000T\000a\000n\000k\000\040\000\050\000P\000l\000a\000c\000e\000\051}{section.2.3}% 12
\BOOKMARK [2][-]{subsection.2.3.2}{\376\377\000S\000t\000e\000p\000\040\0002\000:\000\040\000C\000r\000e\000a\000t\000e\000\040\000t\000h\000e\000\040\000B\000r\000e\000w\000\040\000A\000c\000t\000i\000o\000n\000\040\000\050\000T\000r\000a\000n\000s\000i\000t\000i\000o\000n\000\051}{section.2.3}% 13
\BOOKMARK [2][-]{subsection.2.3.3}{\376\377\000S\000t\000e\000p\000\040\0003\000:\000\040\000C\000o\000n\000n\000e\000c\000t\000\040\000t\000h\000e\000m\000\040\000\050\000A\000r\000c\000\051}{section.2.3}% 14
\BOOKMARK [1][-]{section.2.4}{\376\377\000U\000n\000d\000e\000r\000\040\000t\000h\000e\000\040\000H\000o\000o\000d\000:\000\040\000G\000e\000o\000m\000e\000t\000r\000y\000\040\000\046\000\040\000L\000o\000g\000i\000c}{chapter.2}% 15
\BOOKMARK [2][-]{subsection.2.4.1}{\376\377\000S\000e\000q\000u\000e\000n\000c\000e\000\040\000D\000i\000a\000g\000r\000a\000m\000:\000\040\000D\000r\000a\000w\000i\000n\000g\000\040\000a\000\040\000L\000i\000n\000e}{section.2.4}% 16
\BOOKMARK [1][-]{section.2.5}{\376\377\000D\000e\000e\000p\000\040\000D\000i\000v\000e\000:\000\040\000T\000h\000e\000\040\000C\000o\000d\000e}{chapter.2}% 17
\BOOKMARK [2][-]{subsection.2.5.1}{\376\377\000T\000h\000e\000\040\000P\000l\000a\000c\000e\000\040\000C\000l\000a\000s\000s\000\040\000\050\000p\000l\000a\000c\000e\000.\000t\000s\000\051}{section.2.5}% 18
\BOOKMARK [2][-]{subsection.2.5.2}{\376\377\000T\000h\000e\000\040\000T\000r\000a\000n\000s\000i\000t\000i\000o\000n\000\040\000C\000l\000a\000s\000s\000\040\000\050\000t\000r\000a\000n\000s\000i\000t\000i\000o\000n\000.\000t\000s\000\051}{section.2.5}% 19
\BOOKMARK [2][-]{subsection.2.5.3}{\376\377\000T\000h\000e\000\040\000A\000r\000c\000\040\000C\000l\000a\000s\000s\000\040\000\050\000a\000r\000c\000.\000t\000s\000\051}{section.2.5}% 20
\BOOKMARK [1][-]{section.2.6}{\376\377\000C\000o\000n\000c\000l\000u\000s\000i\000o\000n}{chapter.2}% 21
\BOOKMARK [0][-]{chapter.3}{\376\377\000C\000e\000n\000t\000r\000a\000l\000\040\000D\000a\000t\000a\000\040\000S\000t\000o\000r\000e\000\040\000\050\000D\000a\000t\000a\000S\000e\000r\000v\000i\000c\000e\000\051}{}% 22
\BOOKMARK [1][-]{section.3.1}{\376\377\000T\000h\000e\000\040\000M\000o\000t\000i\000v\000a\000t\000i\000o\000n\000:\000\040\000T\000h\000e\000\040\000S\000h\000a\000r\000e\000d\000\040\000W\000h\000i\000t\000e\000b\000o\000a\000r\000d}{chapter.3}% 23
\BOOKMARK [2][-]{subsection.3.1.1}{\376\377\000T\000h\000e\000\040\000U\000s\000e\000\040\000C\000a\000s\000e\000:\000\040\000`\000`\000C\000o\000n\000n\000e\000c\000t\000i\000n\000g\000\040\000t\000h\000e\000\040\000D\000o\000t\000s\000'\000'}{section.3.1}% 24
\BOOKMARK [1][-]{section.3.2}{\376\377\000K\000e\000y\000\040\000C\000o\000n\000c\000e\000p\000t\000s}{chapter.3}% 25
\BOOKMARK [2][-]{subsection.3.2.1}{\376\377\000T\000h\000e\000\040\000S\000t\000o\000r\000a\000g\000e\000\040\000A\000r\000r\000a\000y\000s}{section.3.2}% 26
\BOOKMARK [2][-]{subsection.3.2.2}{\376\377\000T\000h\000e\000\040\000`\000`\000T\000o\000w\000n\000\040\000C\000r\000i\000e\000r\000'\000'\000\040\000\050\000O\000b\000s\000e\000r\000v\000a\000b\000l\000e\000s\000\051}{section.3.2}% 27
\BOOKMARK [1][-]{section.3.3}{\376\377\000U\000s\000i\000n\000g\000\040\000t\000h\000e\000\040\000D\000a\000t\000a\000S\000e\000r\000v\000i\000c\000e}{chapter.3}% 28
\BOOKMARK [2][-]{subsection.3.3.1}{\376\377\000S\000t\000e\000p\000\040\0001\000:\000\040\000G\000e\000t\000t\000i\000n\000g\000\040\000A\000c\000c\000e\000s\000s}{section.3.3}% 29
\BOOKMARK [2][-]{subsection.3.3.2}{\376\377\000S\000t\000e\000p\000\040\0002\000:\000\040\000A\000d\000d\000i\000n\000g\000\040\000E\000l\000e\000m\000e\000n\000t\000s}{section.3.3}% 30
\BOOKMARK [2][-]{subsection.3.3.3}{\376\377\000S\000t\000e\000p\000\040\0003\000:\000\040\000C\000o\000n\000n\000e\000c\000t\000i\000n\000g\000\040\000T\000h\000e\000m}{section.3.3}% 31
\BOOKMARK [2][-]{subsection.3.3.4}{\376\377\000S\000t\000e\000p\000\040\0004\000:\000\040\000T\000h\000e\000\040\000N\000o\000t\000i\000f\000i\000c\000a\000t\000i\000o\000n}{section.3.3}% 32
\BOOKMARK [1][-]{section.3.4}{\376\377\000U\000n\000d\000e\000r\000\040\000t\000h\000e\000\040\000H\000o\000o\000d\000:\000\040\000I\000n\000t\000e\000r\000n\000a\000l\000\040\000L\000o\000g\000i\000c}{chapter.3}% 33
\BOOKMARK [2][-]{subsection.3.4.1}{\376\377\000S\000e\000q\000u\000e\000n\000c\000e\000\040\000D\000i\000a\000g\000r\000a\000m\000:\000\040\000D\000e\000l\000e\000t\000i\000n\000g\000\040\000a\000\040\000P\000l\000a\000c\000e}{section.3.4}% 34
\BOOKMARK [1][-]{section.3.5}{\376\377\000D\000e\000e\000p\000\040\000D\000i\000v\000e\000:\000\040\000T\000h\000e\000\040\000C\000o\000d\000e}{chapter.3}% 35
\BOOKMARK [2][-]{subsection.3.5.1}{\376\377\000T\000h\000e\000\040\000S\000t\000o\000r\000a\000g\000e\000\040\000a\000n\000d\000\040\000S\000a\000f\000e\000t\000y}{section.3.5}% 36
\BOOKMARK [2][-]{subsection.3.5.2}{\376\377\000T\000h\000e\000\040\000S\000m\000a\000r\000t\000\040\000R\000e\000m\000o\000v\000a\000l\000\040\000L\000o\000g\000i\000c}{section.3.5}% 37
\BOOKMARK [2][-]{subsection.3.5.3}{\376\377\000T\000h\000e\000\040\000`\000`\000T\000r\000i\000g\000g\000e\000r\000'\000'\000\040\000M\000e\000c\000h\000a\000n\000i\000s\000m}{section.3.5}% 38
\BOOKMARK [1][-]{section.3.6}{\376\377\000C\000o\000n\000c\000l\000u\000s\000i\000o\000n}{chapter.3}% 39
\BOOKMARK [0][-]{chapter.4}{\376\377\000T\000h\000e\000\040\000M\000a\000i\000n\000\040\000V\000i\000s\000u\000a\000l\000i\000z\000e\000r\000\040\000\050\000P\000e\000t\000r\000i\000N\000e\000t\000C\000o\000m\000p\000o\000n\000e\000n\000t\000\051}{}% 40
\BOOKMARK [1][-]{section.4.1}{\376\377\000T\000h\000e\000\040\000M\000o\000t\000i\000v\000a\000t\000i\000o\000n\000:\000\040\000T\000h\000e\000\040\000A\000r\000t\000i\000s\000t\000\040\000A\000n\000a\000l\000o\000g\000y}{chapter.4}% 41
\BOOKMARK [2][-]{subsection.4.1.1}{\376\377\000T\000h\000e\000\040\000U\000s\000e\000\040\000C\000a\000s\000e\000:\000\040\000`\000`\000T\000h\000e\000\040\000M\000a\000g\000i\000c\000\040\000C\000a\000n\000v\000a\000s\000'\000'}{section.4.1}% 42
\BOOKMARK [1][-]{section.4.2}{\376\377\000K\000e\000y\000\040\000C\000o\000n\000c\000e\000p\000t\000s}{chapter.4}% 43
\BOOKMARK [2][-]{subsection.4.2.1}{\376\377\000S\000V\000G\000\040\000\050\000S\000c\000a\000l\000a\000b\000l\000e\000\040\000V\000e\000c\000t\000o\000r\000\040\000G\000r\000a\000p\000h\000i\000c\000s\000\051}{section.4.2}% 44
\BOOKMARK [2][-]{subsection.4.2.2}{\376\377\000T\000h\000e\000\040\000L\000o\000o\000p\000\040\000\050\000*\000n\000g\000F\000o\000r\000\051}{section.4.2}% 45
\BOOKMARK [2][-]{subsection.4.2.3}{\376\377\000T\000h\000e\000\040\000E\000v\000e\000n\000t\000\040\000D\000i\000s\000p\000a\000t\000c\000h\000e\000r}{section.4.2}% 46
\BOOKMARK [1][-]{section.4.3}{\376\377\000U\000s\000i\000n\000g\000\040\000t\000h\000e\000\040\000V\000i\000s\000u\000a\000l\000i\000z\000e\000r}{chapter.4}% 47
\BOOKMARK [2][-]{subsection.4.3.1}{\376\377\000S\000t\000e\000p\000\040\0001\000:\000\040\000T\000h\000e\000\040\000T\000e\000m\000p\000l\000a\000t\000e\000\040\000\050\000H\000T\000M\000L\000\051}{section.4.3}% 48
\BOOKMARK [2][-]{subsection.4.3.2}{\376\377\000S\000t\000e\000p\000\040\0002\000:\000\040\000R\000e\000a\000c\000t\000i\000n\000g\000\040\000t\000o\000\040\000C\000h\000a\000n\000g\000e\000s}{section.4.3}% 49
\BOOKMARK [2][-]{subsection.4.3.3}{\376\377\000S\000t\000e\000p\000\040\0003\000:\000\040\000H\000a\000n\000d\000l\000i\000n\000g\000\040\000C\000l\000i\000c\000k\000s}{section.4.3}% 50
\BOOKMARK [1][-]{section.4.4}{\376\377\000U\000n\000d\000e\000r\000\040\000t\000h\000e\000\040\000H\000o\000o\000d\000:\000\040\000T\000h\000e\000\040\000I\000n\000t\000e\000r\000a\000c\000t\000i\000o\000n\000\040\000L\000o\000o\000p}{chapter.4}% 51
\BOOKMARK [2][-]{subsection.4.4.1}{\376\377\000S\000e\000q\000u\000e\000n\000c\000e\000\040\000D\000i\000a\000g\000r\000a\000m\000:\000\040\000C\000r\000e\000a\000t\000i\000n\000g\000\040\000a\000\040\000P\000l\000a\000c\000e}{section.4.4}% 52
\BOOKMARK [1][-]{section.4.5}{\376\377\000D\000e\000e\000p\000\040\000D\000i\000v\000e\000:\000\040\000K\000e\000y\000\040\000C\000o\000d\000e\000\040\000B\000l\000o\000c\000k\000s}{chapter.4}% 53
\BOOKMARK [2][-]{subsection.4.5.1}{\376\377\000T\000r\000a\000n\000s\000l\000a\000t\000i\000n\000g\000\040\000M\000o\000u\000s\000e\000\040\000C\000o\000o\000r\000d\000i\000n\000a\000t\000e\000s}{section.4.5}% 54
\BOOKMARK [2][-]{subsection.4.5.2}{\376\377\000S\000t\000y\000l\000i\000n\000g\000\040\000S\000t\000a\000t\000e\000s\000\040\000\050\000n\000g\000C\000l\000a\000s\000s\000\051}{section.4.5}% 55
\BOOKMARK [2][-]{subsection.4.5.3}{\376\377\000D\000i\000s\000p\000l\000a\000y\000i\000n\000g\000\040\000T\000o\000k\000e\000n\000s}{section.4.5}% 56
\BOOKMARK [2][-]{subsection.4.5.4}{\376\377\000R\000u\000n\000n\000i\000n\000g\000\040\000t\000h\000e\000\040\000A\000n\000i\000m\000a\000t\000i\000o\000n\000\040\000\050\000S\000i\000m\000u\000l\000a\000t\000i\000o\000n\000\051}{section.4.5}% 57
\BOOKMARK [1][-]{section.4.6}{\376\377\000C\000o\000n\000c\000l\000u\000s\000i\000o\000n}{chapter.4}% 58
\BOOKMARK [0][-]{chapter.5}{\376\377\000P\000N\000M\000L\000/\000X\000M\000L\000\040\000T\000r\000a\000n\000s\000l\000a\000t\000o\000r\000\040\000\050\000P\000n\000m\000l\000S\000e\000r\000v\000i\000c\000e\000\051}{}% 59
\BOOKMARK [1][-]{section.5.1}{\376\377\000T\000h\000e\000\040\000M\000o\000t\000i\000v\000a\000t\000i\000o\000n\000:\000\040\000T\000h\000e\000\040\000U\000n\000i\000v\000e\000r\000s\000a\000l\000\040\000T\000r\000a\000n\000s\000l\000a\000t\000o\000r}{chapter.5}% 60
\BOOKMARK [2][-]{subsection.5.1.1}{\376\377\000T\000h\000e\000\040\000U\000s\000e\000\040\000C\000a\000s\000e\000:\000\040\000S\000a\000v\000i\000n\000g\000\040\000a\000n\000d\000\040\000L\000o\000a\000d\000i\000n\000g}{section.5.1}% 61
\BOOKMARK [1][-]{section.5.2}{\376\377\000K\000e\000y\000\040\000C\000o\000n\000c\000e\000p\000t\000s}{chapter.5}% 62
\BOOKMARK [2][-]{subsection.5.2.1}{\376\377\000P\000N\000M\000L\000\040\000\050\000X\000M\000L\000\051}{section.5.2}% 63
\BOOKMARK [2][-]{subsection.5.2.2}{\376\377\000P\000a\000r\000s\000i\000n\000g\000\040\000\050\000D\000e\000s\000e\000r\000i\000a\000l\000i\000z\000a\000t\000i\000o\000n\000\051}{section.5.2}% 64
\BOOKMARK [2][-]{subsection.5.2.3}{\376\377\000S\000e\000r\000i\000a\000l\000i\000z\000a\000t\000i\000o\000n}{section.5.2}% 65
\BOOKMARK [1][-]{section.5.3}{\376\377\000U\000s\000i\000n\000g\000\040\000t\000h\000e\000\040\000S\000e\000r\000v\000i\000c\000e}{chapter.5}% 66
\BOOKMARK [2][-]{subsection.5.3.1}{\376\377\000E\000x\000p\000o\000r\000t\000i\000n\000g\000\040\000\050\000D\000o\000w\000n\000l\000o\000a\000d\000i\000n\000g\000\051}{section.5.3}% 67
\BOOKMARK [2][-]{subsection.5.3.2}{\376\377\000I\000m\000p\000o\000r\000t\000i\000n\000g\000\040\000\050\000U\000p\000l\000o\000a\000d\000i\000n\000g\000\051}{section.5.3}% 68
\BOOKMARK [1][-]{section.5.4}{\376\377\000U\000n\000d\000e\000r\000\040\000t\000h\000e\000\040\000H\000o\000o\000d\000:\000\040\000T\000h\000e\000\040\000P\000a\000r\000s\000i\000n\000g\000\040\000F\000l\000o\000w}{chapter.5}% 69
\BOOKMARK [2][-]{subsection.5.4.1}{\376\377\000S\000e\000q\000u\000e\000n\000c\000e\000\040\000D\000i\000a\000g\000r\000a\000m\000:\000\040\000I\000m\000p\000o\000r\000t\000\040\000P\000r\000o\000c\000e\000s\000s}{section.5.4}% 70
\BOOKMARK [1][-]{section.5.5}{\376\377\000D\000e\000e\000p\000\040\000D\000i\000v\000e\000:\000\040\000T\000h\000e\000\040\000C\000o\000d\000e}{chapter.5}% 71
\BOOKMARK [2][-]{subsection.5.5.1}{\376\377\000G\000e\000n\000e\000r\000a\000t\000i\000n\000g\000\040\000X\000M\000L\000\040\000\050\000T\000h\000e\000\040\000T\000e\000m\000p\000l\000a\000t\000e\000\051}{section.5.5}% 72
\BOOKMARK [2][-]{subsection.5.5.2}{\376\377\000T\000h\000e\000\040\000M\000a\000i\000n\000\040\000P\000a\000r\000s\000e\000\040\000F\000u\000n\000c\000t\000i\000o\000n}{section.5.5}% 73
\BOOKMARK [2][-]{subsection.5.5.3}{\376\377\000P\000a\000r\000s\000i\000n\000g\000\040\000S\000p\000e\000c\000i\000f\000i\000c\000\040\000E\000l\000e\000m\000e\000n\000t\000s}{section.5.5}% 74
\BOOKMARK [2][-]{subsection.5.5.4}{\376\377\000H\000a\000n\000d\000l\000i\000n\000g\000\040\000A\000r\000c\000s\000\040\000\050\000T\000h\000e\000\040\000T\000r\000i\000c\000k\000y\000\040\000P\000a\000r\000t\000\051}{section.5.5}% 75
\BOOKMARK [1][-]{section.5.6}{\376\377\000C\000o\000n\000c\000l\000u\000s\000i\000o\000n}{chapter.5}% 76
\BOOKMARK [0][-]{chapter.6}{\376\377\000G\000r\000a\000p\000h\000\040\000L\000a\000y\000o\000u\000t\000\040\000A\000r\000c\000h\000i\000t\000e\000c\000t\000\040\000\050\000S\000u\000g\000i\000y\000a\000m\000a\000/\000S\000p\000r\000i\000n\000g\000\040\000E\000m\000b\000e\000d\000d\000e\000r\000\051}{}% 77
\BOOKMARK [1][-]{section.6.1}{\376\377\000T\000h\000e\000\040\000M\000o\000t\000i\000v\000a\000t\000i\000o\000n\000:\000\040\000T\000h\000e\000\040\000`\000`\000T\000a\000n\000g\000l\000e\000d\000\040\000M\000e\000s\000s\000'\000'}{chapter.6}% 78
\BOOKMARK [2][-]{subsection.6.1.1}{\376\377\000T\000h\000e\000\040\000U\000s\000e\000\040\000C\000a\000s\000e\000:\000\040\000A\000u\000t\000o\000-\000L\000a\000y\000o\000u\000t}{section.6.1}% 79
\BOOKMARK [1][-]{section.6.2}{\376\377\000K\000e\000y\000\040\000C\000o\000n\000c\000e\000p\000t\000s}{chapter.6}% 80
\BOOKMARK [2][-]{subsection.6.2.1}{\376\377\000T\000h\000e\000\040\000S\000p\000r\000i\000n\000g\000\040\000E\000m\000b\000e\000d\000d\000e\000r\000\040\000\050\000P\000h\000y\000s\000i\000c\000s\000\051}{section.6.2}% 81
\BOOKMARK [2][-]{subsection.6.2.2}{\376\377\000T\000h\000e\000\040\000S\000u\000g\000i\000y\000a\000m\000a\000\040\000\050\000H\000i\000e\000r\000a\000r\000c\000h\000y\000\051}{section.6.2}% 82
\BOOKMARK [1][-]{section.6.3}{\376\377\000U\000s\000i\000n\000g\000\040\000t\000h\000e\000\040\000L\000a\000y\000o\000u\000t\000\040\000S\000e\000r\000v\000i\000c\000e\000s}{chapter.6}% 83
\BOOKMARK [2][-]{subsection.6.3.1}{\376\377\000U\000s\000i\000n\000g\000\040\000S\000p\000r\000i\000n\000g\000\040\000E\000m\000b\000e\000d\000d\000e\000r}{section.6.3}% 84
\BOOKMARK [2][-]{subsection.6.3.2}{\376\377\000U\000s\000i\000n\000g\000\040\000S\000u\000g\000i\000y\000a\000m\000a}{section.6.3}% 85
\BOOKMARK [1][-]{section.6.4}{\376\377\000U\000n\000d\000e\000r\000\040\000t\000h\000e\000\040\000H\000o\000o\000d\000:\000\040\000S\000p\000r\000i\000n\000g\000\040\000E\000m\000b\000e\000d\000d\000e\000r\000\040\000L\000o\000g\000i\000c}{chapter.6}% 86
\BOOKMARK [2][-]{subsection.6.4.1}{\376\377\000S\000e\000q\000u\000e\000n\000c\000e\000\040\000D\000i\000a\000g\000r\000a\000m\000:\000\040\000T\000h\000e\000\040\000P\000h\000y\000s\000i\000c\000s\000\040\000L\000o\000o\000p}{section.6.4}% 87
\BOOKMARK [2][-]{subsection.6.4.2}{\376\377\000D\000e\000e\000p\000\040\000D\000i\000v\000e\000:\000\040\000S\000p\000r\000i\000n\000g\000\040\000E\000m\000b\000e\000d\000d\000e\000r\000\040\000C\000o\000d\000e}{section.6.4}% 88
\BOOKMARK [1][-]{section.6.5}{\376\377\000U\000n\000d\000e\000r\000\040\000t\000h\000e\000\040\000H\000o\000o\000d\000:\000\040\000S\000u\000g\000i\000y\000a\000m\000a\000\040\000L\000o\000g\000i\000c}{chapter.6}% 89
\BOOKMARK [2][-]{subsection.6.5.1}{\376\377\000T\000h\000e\000\040\0004\000-\000S\000t\000e\000p\000\040\000P\000i\000p\000e\000l\000i\000n\000e}{section.6.5}% 90
\BOOKMARK [2][-]{subsection.6.5.2}{\376\377\000D\000e\000e\000p\000\040\000D\000i\000v\000e\000:\000\040\000S\000u\000g\000i\000y\000a\000m\000a\000\040\000C\000o\000d\000e}{section.6.5}% 91
\BOOKMARK [2][-]{subsection.6.5.3}{\376\377\000H\000a\000n\000d\000l\000i\000n\000g\000\040\000`\000`\000D\000u\000m\000m\000y\000\040\000N\000o\000d\000e\000s\000'\000'}{section.6.5}% 92
\BOOKMARK [1][-]{section.6.6}{\376\377\000C\000o\000n\000c\000l\000u\000s\000i\000o\000n}{chapter.6}% 93
\BOOKMARK [0][-]{chapter.7}{\376\377\000I\000n\000t\000e\000r\000a\000c\000t\000i\000o\000n\000\040\000H\000a\000n\000d\000l\000e\000r\000\040\000\050\000E\000d\000i\000t\000M\000o\000v\000e\000E\000l\000e\000m\000e\000n\000t\000s\000S\000e\000r\000v\000i\000c\000e\000\051}{}% 94
\BOOKMARK [1][-]{section.7.1}{\376\377\000T\000h\000e\000\040\000M\000o\000t\000i\000v\000a\000t\000i\000o\000n\000:\000\040\000P\000h\000y\000s\000i\000c\000s\000\040\000o\000f\000\040\000t\000h\000e\000\040\000M\000o\000u\000s\000e}{chapter.7}% 95
\BOOKMARK [2][-]{subsection.7.1.1}{\376\377\000T\000h\000e\000\040\000U\000s\000e\000\040\000C\000a\000s\000e\000:\000\040\000`\000`\000T\000h\000e\000\040\000F\000i\000n\000e\000\040\000A\000d\000j\000u\000s\000t\000m\000e\000n\000t\000'\000'}{section.7.1}% 96
\BOOKMARK [1][-]{section.7.2}{\376\377\000K\000e\000y\000\040\000C\000o\000n\000c\000e\000p\000t\000s}{chapter.7}% 97
\BOOKMARK [2][-]{subsection.7.2.1}{\376\377\000T\000h\000e\000\040\000D\000r\000a\000g\000\040\000C\000y\000c\000l\000e}{section.7.2}% 98
\BOOKMARK [2][-]{subsection.7.2.2}{\376\377\000T\000h\000e\000\040\000D\000e\000l\000t\000a\000\040\000\050\000\051}{section.7.2}% 99
\BOOKMARK [2][-]{subsection.7.2.3}{\376\377\000A\000n\000c\000h\000o\000r\000s\000\040\000\050\000T\000h\000e\000\040\000K\000n\000e\000e\000\040\000J\000o\000i\000n\000t\000s\000\051}{section.7.2}% 100
\BOOKMARK [1][-]{section.7.3}{\376\377\000U\000s\000i\000n\000g\000\040\000t\000h\000e\000\040\000S\000e\000r\000v\000i\000c\000e}{chapter.7}% 101
\BOOKMARK [2][-]{subsection.7.3.1}{\376\377\000S\000t\000e\000p\000\040\0001\000:\000\040\000G\000r\000a\000b\000b\000i\000n\000g\000\040\000a\000n\000\040\000O\000b\000j\000e\000c\000t}{section.7.3}% 102
\BOOKMARK [2][-]{subsection.7.3.2}{\376\377\000S\000t\000e\000p\000\040\0002\000:\000\040\000D\000r\000a\000g\000g\000i\000n\000g\000\040\000t\000h\000e\000\040\000M\000o\000u\000s\000e}{section.7.3}% 103
\BOOKMARK [2][-]{subsection.7.3.3}{\376\377\000S\000t\000e\000p\000\040\0003\000:\000\040\000L\000e\000t\000t\000i\000n\000g\000\040\000G\000o}{section.7.3}% 104
\BOOKMARK [1][-]{section.7.4}{\376\377\000U\000n\000d\000e\000r\000\040\000t\000h\000e\000\040\000H\000o\000o\000d\000:\000\040\000T\000h\000e\000\040\000M\000o\000v\000e\000m\000e\000n\000t\000\040\000L\000o\000g\000i\000c}{chapter.7}% 105
\BOOKMARK [2][-]{subsection.7.4.1}{\376\377\000S\000e\000q\000u\000e\000n\000c\000e\000\040\000D\000i\000a\000g\000r\000a\000m\000:\000\040\000D\000r\000a\000g\000g\000i\000n\000g\000\040\000a\000\040\000N\000o\000d\000e}{section.7.4}% 106
\BOOKMARK [1][-]{section.7.5}{\376\377\000D\000e\000e\000p\000\040\000D\000i\000v\000e\000:\000\040\000T\000h\000e\000\040\000C\000o\000d\000e}{chapter.7}% 107
\BOOKMARK [2][-]{subsection.7.5.1}{\376\377\000I\000n\000i\000t\000i\000a\000l\000i\000z\000a\000t\000i\000o\000n}{section.7.5}% 108
\BOOKMARK [2][-]{subsection.7.5.2}{\376\377\000T\000h\000e\000\040\000M\000o\000v\000e\000\040\000L\000o\000o\000p\000\040\000\050\000T\000h\000e\000\040\000P\000h\000y\000s\000i\000c\000s\000\051}{section.7.5}% 109
\BOOKMARK [2][-]{subsection.7.5.3}{\376\377\000P\000a\000n\000n\000i\000n\000g\000\040\000t\000h\000e\000\040\000C\000a\000n\000v\000a\000s}{section.7.5}% 110
\BOOKMARK [2][-]{subsection.7.5.4}{\376\377\000B\000e\000n\000d\000i\000n\000g\000\040\000L\000i\000n\000e\000s\000\040\000\050\000I\000n\000s\000e\000r\000t\000i\000n\000g\000\040\000A\000n\000c\000h\000o\000r\000s\000\051}{section.7.5}% 111
\BOOKMARK [1][-]{section.7.6}{\376\377\000C\000o\000n\000c\000l\000u\000s\000i\000o\000n}{chapter.7}% 112
\BOOKMARK [0][-]{chapter.8}{\376\377\000C\000a\000m\000e\000r\000a\000\040\000C\000o\000n\000t\000r\000o\000l\000l\000e\000r\000\040\000\050\000Z\000o\000o\000m\000S\000e\000r\000v\000i\000c\000e\000\051}{}% 113
\BOOKMARK [1][-]{section.8.1}{\376\377\000T\000h\000e\000\040\000M\000o\000t\000i\000v\000a\000t\000i\000o\000n\000:\000\040\000L\000o\000o\000k\000i\000n\000g\000\040\000T\000h\000r\000o\000u\000g\000h\000\040\000t\000h\000e\000\040\000L\000e\000n\000s}{chapter.8}% 114
\BOOKMARK [2][-]{subsection.8.1.1}{\376\377\000T\000h\000e\000\040\000U\000s\000e\000\040\000C\000a\000s\000e\000:\000\040\000`\000`\000F\000i\000t\000\040\000t\000o\000\040\000V\000i\000e\000w\000'\000'}{section.8.1}% 115
\BOOKMARK [1][-]{section.8.2}{\376\377\000K\000e\000y\000\040\000C\000o\000n\000c\000e\000p\000t\000s}{chapter.8}% 116
\BOOKMARK [2][-]{subsection.8.2.1}{\376\377\000T\000h\000e\000\040\000S\000t\000a\000t\000e\000\040\000V\000a\000r\000i\000a\000b\000l\000e\000s}{section.8.2}% 117
\BOOKMARK [2][-]{subsection.8.2.2}{\376\377\000T\000h\000e\000\040\000C\000S\000S\000\040\000T\000r\000a\000n\000s\000f\000o\000r\000m}{section.8.2}% 118
\BOOKMARK [2][-]{subsection.8.2.3}{\376\377\000T\000h\000e\000\040\000`\000`\000P\000i\000n\000'\000'\000\040\000\050\000Z\000o\000o\000m\000\040\000P\000o\000i\000n\000t\000\051}{section.8.2}% 119
\BOOKMARK [1][-]{section.8.3}{\376\377\000U\000n\000d\000e\000r\000\040\000t\000h\000e\000\040\000H\000o\000o\000d\000:\000\040\000T\000h\000e\000\040\000F\000l\000o\000w}{chapter.8}% 120
\BOOKMARK [2][-]{subsection.8.3.1}{\376\377\000S\000e\000q\000u\000e\000n\000c\000e\000\040\000D\000i\000a\000g\000r\000a\000m\000:\000\040\000C\000l\000i\000c\000k\000i\000n\000g\000\040\000`\000`\000Z\000o\000o\000m\000\040\000I\000n\000'\000'}{section.8.3}% 121
\BOOKMARK [1][-]{section.8.4}{\376\377\000D\000e\000e\000p\000\040\000D\000i\000v\000e\000:\000\040\000T\000h\000e\000\040\000C\000o\000d\000e}{chapter.8}% 122
\BOOKMARK [2][-]{subsection.8.4.1}{\376\377\000S\000t\000o\000r\000a\000g\000e\000\040\000\050\000T\000h\000e\000\040\000S\000t\000a\000t\000e\000\051}{section.8.4}% 123
\BOOKMARK [2][-]{subsection.8.4.2}{\376\377\000T\000h\000e\000\040\000C\000o\000m\000b\000i\000n\000e\000d\000\040\000O\000u\000t\000p\000u\000t\000\040\000\050\000t\000r\000a\000n\000s\000f\000o\000r\000m\000\044\000\051}{section.8.4}% 124
\BOOKMARK [2][-]{subsection.8.4.3}{\376\377\000S\000m\000a\000r\000t\000\040\000Z\000o\000o\000m\000i\000n\000g\000\040\000\050\000z\000o\000o\000m\000T\000o\000P\000o\000i\000n\000t\000\051}{section.8.4}% 125
\BOOKMARK [2][-]{subsection.8.4.4}{\376\377\000I\000m\000p\000l\000e\000m\000e\000n\000t\000i\000n\000g\000\040\000`\000`\000F\000i\000t\000\040\000C\000o\000n\000t\000e\000n\000t\000'\000'}{section.8.4}% 126
\BOOKMARK [1][-]{section.8.5}{\376\377\000S\000o\000l\000v\000i\000n\000g\000\040\000t\000h\000e\000\040\000M\000o\000u\000s\000e\000\040\000C\000o\000o\000r\000d\000i\000n\000a\000t\000e\000\040\000P\000r\000o\000b\000l\000e\000m}{chapter.8}% 127
\BOOKMARK [1][-]{section.8.6}{\376\377\000C\000o\000n\000c\000l\000u\000s\000i\000o\000n}{chapter.8}% 128
\BOOKMARK [0][-]{chapter.9}{\376\377\000U\000I\000\040\000S\000t\000a\000t\000e\000\040\000M\000a\000n\000a\000g\000e\000r\000\040\000\050\000U\000i\000S\000e\000r\000v\000i\000c\000e\000\051}{}% 129
\BOOKMARK [1][-]{section.9.1}{\376\377\000T\000h\000e\000\040\000M\000o\000t\000i\000v\000a\000t\000i\000o\000n\000:\000\040\000T\000h\000e\000\040\000`\000`\000R\000e\000m\000o\000t\000e\000\040\000C\000o\000n\000t\000r\000o\000l\000'\000'}{chapter.9}% 130
\BOOKMARK [2][-]{subsection.9.1.1}{\376\377\000T\000h\000e\000\040\000U\000s\000e\000\040\000C\000a\000s\000e\000:\000\040\000S\000w\000i\000t\000c\000h\000i\000n\000g\000\040\000M\000o\000d\000e\000s}{section.9.1}% 131
\BOOKMARK [1][-]{section.9.2}{\376\377\000K\000e\000y\000\040\000C\000o\000n\000c\000e\000p\000t\000s}{chapter.9}% 132
\BOOKMARK [2][-]{subsection.9.2.1}{\376\377\000T\000a\000b\000\040\000S\000t\000a\000t\000e\000\040\000\050\000T\000h\000e\000\040\000T\000V\000\040\000C\000h\000a\000n\000n\000e\000l\000\051}{section.9.2}% 133
\BOOKMARK [2][-]{subsection.9.2.2}{\376\377\000B\000u\000t\000t\000o\000n\000\040\000S\000t\000a\000t\000e\000\040\000\050\000T\000h\000e\000\040\000A\000c\000t\000i\000v\000e\000\040\000T\000o\000o\000l\000\051}{section.9.2}% 134
\BOOKMARK [2][-]{subsection.9.2.3}{\376\377\000B\000e\000h\000a\000v\000i\000o\000r\000S\000u\000b\000j\000e\000c\000t\000s\000\040\000\050\000T\000h\000e\000\040\000S\000t\000a\000t\000u\000s\000\040\000L\000E\000D\000\051}{section.9.2}% 135
\BOOKMARK [1][-]{section.9.3}{\376\377\000U\000s\000i\000n\000g\000\040\000t\000h\000e\000\040\000U\000i\000S\000e\000r\000v\000i\000c\000e}{chapter.9}% 136
\BOOKMARK [2][-]{subsection.9.3.1}{\376\377\000S\000t\000e\000p\000\040\0001\000:\000\040\000C\000h\000a\000n\000g\000i\000n\000g\000\040\000t\000h\000e\000\040\000C\000h\000a\000n\000n\000e\000l\000\040\000\050\000T\000o\000o\000l\000b\000a\000r\000\051}{section.9.3}% 137
\BOOKMARK [2][-]{subsection.9.3.2}{\376\377\000S\000t\000e\000p\000\040\0002\000:\000\040\000L\000i\000s\000t\000e\000n\000i\000n\000g\000\040\000f\000o\000r\000\040\000S\000i\000g\000n\000a\000l\000s\000\040\000\050\000V\000i\000s\000u\000a\000l\000i\000z\000e\000r\000\051}{section.9.3}% 138
\BOOKMARK [2][-]{subsection.9.3.3}{\376\377\000S\000t\000e\000p\000\040\0003\000:\000\040\000C\000h\000e\000c\000k\000i\000n\000g\000\040\000t\000h\000e\000\040\000A\000c\000t\000i\000v\000e\000\040\000T\000o\000o\000l}{section.9.3}% 139
\BOOKMARK [1][-]{section.9.4}{\376\377\000U\000n\000d\000e\000r\000\040\000t\000h\000e\000\040\000H\000o\000o\000d\000:\000\040\000T\000h\000e\000\040\000L\000o\000g\000i\000c}{chapter.9}% 140
\BOOKMARK [2][-]{subsection.9.4.1}{\376\377\000S\000e\000q\000u\000e\000n\000c\000e\000\040\000D\000i\000a\000g\000r\000a\000m\000:\000\040\000C\000r\000e\000a\000t\000i\000n\000g\000\040\000a\000\040\000P\000l\000a\000c\000e}{section.9.4}% 141
\BOOKMARK [1][-]{section.9.5}{\376\377\000D\000e\000e\000p\000\040\000D\000i\000v\000e\000:\000\040\000T\000h\000e\000\040\000C\000o\000d\000e}{chapter.9}% 142
\BOOKMARK [2][-]{subsection.9.5.1}{\376\377\000M\000a\000n\000a\000g\000i\000n\000g\000\040\000T\000a\000b\000s\000\040\000\050\000T\000h\000e\000\040\000C\000h\000a\000n\000n\000e\000l\000s\000\051}{section.9.5}% 143
\BOOKMARK [2][-]{subsection.9.5.2}{\376\377\000M\000a\000n\000a\000g\000i\000n\000g\000\040\000S\000i\000m\000u\000l\000a\000t\000i\000o\000n\000\040\000S\000t\000e\000p\000s\000\040\000\050\000T\000h\000e\000\040\000T\000i\000m\000e\000l\000i\000n\000e\000\051}{section.9.5}% 144
\BOOKMARK [2][-]{subsection.9.5.3}{\376\377\000S\000i\000m\000u\000l\000a\000t\000i\000o\000n\000\040\000M\000o\000d\000e\000s\000\040\000\050\000A\000u\000t\000o\000\040\000v\000s\000\040\000M\000a\000n\000u\000a\000l\000\051}{section.9.5}% 145
\BOOKMARK [1][-]{section.9.6}{\376\377\000C\000o\000n\000c\000l\000u\000s\000i\000o\000n}{chapter.9}% 146
\BOOKMARK [0][-]{chapter.10}{\376\377\000S\000i\000m\000u\000l\000a\000t\000i\000o\000n\000\040\000E\000n\000g\000i\000n\000e\000\040\000\050\000T\000o\000k\000e\000n\000G\000a\000m\000e\000S\000e\000r\000v\000i\000c\000e\000\051}{}% 147
\BOOKMARK [1][-]{section.10.1}{\376\377\000T\000h\000e\000\040\000M\000o\000t\000i\000v\000a\000t\000i\000o\000n\000:\000\040\000T\000h\000e\000\040\000R\000u\000l\000e\000b\000o\000o\000k}{chapter.10}% 148
\BOOKMARK [2][-]{subsection.10.1.1}{\376\377\000T\000h\000e\000\040\000U\000s\000e\000\040\000C\000a\000s\000e\000:\000\040\000`\000`\000F\000i\000r\000i\000n\000g\000'\000'\000\040\000a\000\040\000T\000r\000a\000n\000s\000i\000t\000i\000o\000n}{section.10.1}% 149
\BOOKMARK [1][-]{section.10.2}{\376\377\000K\000e\000y\000\040\000C\000o\000n\000c\000e\000p\000t\000s}{chapter.10}% 150
\BOOKMARK [2][-]{subsection.10.2.1}{\376\377\000F\000i\000r\000i\000n\000g}{section.10.2}% 151
\BOOKMARK [2][-]{subsection.10.2.2}{\376\377\000T\000h\000e\000\040\000`\000`\000G\000a\000m\000e\000\040\000S\000t\000a\000t\000e\000'\000'}{section.10.2}% 152
\BOOKMARK [2][-]{subsection.10.2.3}{\376\377\000H\000i\000s\000t\000o\000r\000y\000\040\000\050\000T\000h\000e\000\040\000S\000t\000a\000c\000k\000\051}{section.10.2}% 153
\BOOKMARK [1][-]{section.10.3}{\376\377\000U\000s\000i\000n\000g\000\040\000t\000h\000e\000\040\000S\000e\000r\000v\000i\000c\000e}{chapter.10}% 154
\BOOKMARK [2][-]{subsection.10.3.1}{\376\377\000S\000t\000e\000p\000\040\0001\000:\000\040\000C\000h\000e\000c\000k\000i\000n\000g\000\040\000R\000u\000l\000e\000s}{section.10.3}% 155
\BOOKMARK [2][-]{subsection.10.3.2}{\376\377\000S\000t\000e\000p\000\040\0002\000:\000\040\000F\000i\000r\000i\000n\000g\000\040\000\050\000T\000h\000e\000\040\000M\000o\000v\000e\000\051}{section.10.3}% 156
\BOOKMARK [2][-]{subsection.10.3.3}{\376\377\000S\000t\000e\000p\000\040\0003\000:\000\040\000T\000i\000m\000e\000\040\000T\000r\000a\000v\000e\000l\000\040\000\050\000U\000n\000d\000o\000\051}{section.10.3}% 157
\BOOKMARK [1][-]{section.10.4}{\376\377\000U\000n\000d\000e\000r\000\040\000t\000h\000e\000\040\000H\000o\000o\000d\000:\000\040\000T\000h\000e\000\040\000F\000l\000o\000w}{chapter.10}% 158
\BOOKMARK [2][-]{subsection.10.4.1}{\376\377\000S\000e\000q\000u\000e\000n\000c\000e\000\040\000D\000i\000a\000g\000r\000a\000m\000:\000\040\000F\000i\000r\000i\000n\000g\000\040\000L\000o\000g\000i\000c}{section.10.4}% 159
\BOOKMARK [1][-]{section.10.5}{\376\377\000D\000e\000e\000p\000\040\000D\000i\000v\000e\000:\000\040\000T\000h\000e\000\040\000C\000o\000d\000e}{chapter.10}% 160
\BOOKMARK [2][-]{subsection.10.5.1}{\376\377\000T\000h\000e\000\040\000H\000i\000s\000t\000o\000r\000y\000\040\000S\000t\000o\000r\000a\000g\000e}{section.10.5}% 161
\BOOKMARK [2][-]{subsection.10.5.2}{\376\377\000C\000a\000p\000t\000u\000r\000i\000n\000g\000\040\000a\000\040\000S\000n\000a\000p\000s\000h\000o\000t}{section.10.5}% 162
\BOOKMARK [2][-]{subsection.10.5.3}{\376\377\000T\000h\000e\000\040\000F\000i\000r\000e\000\040\000M\000e\000t\000h\000o\000d\000\040\000\050\000T\000h\000e\000\040\000C\000o\000r\000e\000\040\000L\000o\000g\000i\000c\000\051}{section.10.5}% 163
\BOOKMARK [2][-]{subsection.10.5.4}{\376\377\000I\000m\000p\000l\000e\000m\000e\000n\000t\000i\000n\000g\000\040\000U\000n\000d\000o\000\040\000\050\000r\000e\000v\000e\000r\000t\000T\000o\000P\000r\000e\000v\000i\000o\000u\000s\000S\000t\000a\000t\000e\000\051}{section.10.5}% 164
\BOOKMARK [2][-]{subsection.10.5.5}{\376\377\000A\000p\000p\000l\000y\000i\000n\000g\000\040\000t\000h\000e\000\040\000S\000t\000a\000t\000e}{section.10.5}% 165
\BOOKMARK [1][-]{section.10.6}{\376\377\000C\000o\000n\000c\000l\000u\000s\000i\000o\000n}{chapter.10}% 166
\BOOKMARK [0][-]{chapter.11}{\376\377\000B\000a\000c\000k\000e\000n\000d\000\040\000I\000n\000t\000e\000g\000r\000a\000t\000o\000r\000\040\000\050\000P\000l\000a\000n\000n\000i\000n\000g\000S\000e\000r\000v\000i\000c\000e\000\051}{}% 167
\BOOKMARK [1][-]{section.11.1}{\376\377\000T\000h\000e\000\040\000M\000o\000t\000i\000v\000a\000t\000i\000o\000n\000:\000\040\000T\000h\000e\000\040\000`\000`\000P\000h\000o\000n\000e\000\040\000L\000i\000n\000e\000'\000'}{chapter.11}% 168
\BOOKMARK [2][-]{subsection.11.1.1}{\376\377\000T\000h\000e\000\040\000U\000s\000e\000\040\000C\000a\000s\000e\000:\000\040\000`\000`\000H\000e\000a\000v\000y\000\040\000S\000i\000m\000u\000l\000a\000t\000i\000o\000n\000'\000'}{section.11.1}% 169
\BOOKMARK [1][-]{section.11.2}{\376\377\000K\000e\000y\000\040\000C\000o\000n\000c\000e\000p\000t\000s}{chapter.11}% 170
\BOOKMARK [2][-]{subsection.11.2.1}{\376\377\000H\000T\000T\000P\000\040\000R\000e\000q\000u\000e\000s\000t\000s\000\040\000\050\000G\000E\000T\000\040\000a\000n\000d\000\040\000P\000O\000S\000T\000\051}{section.11.2}% 171
\BOOKMARK [2][-]{subsection.11.2.2}{\376\377\000A\000s\000y\000n\000c\000h\000r\000o\000n\000o\000u\000s\000\040\000\050\000T\000h\000e\000\040\000W\000a\000i\000t\000i\000n\000g\000\040\000G\000a\000m\000e\000\051}{section.11.2}% 172
\BOOKMARK [2][-]{subsection.11.2.3}{\376\377\000F\000o\000r\000m\000D\000a\000t\000a\000\040\000\050\000T\000h\000e\000\040\000E\000n\000v\000e\000l\000o\000p\000e\000\051}{section.11.2}% 173
\BOOKMARK [1][-]{section.11.3}{\376\377\000U\000s\000i\000n\000g\000\040\000t\000h\000e\000\040\000I\000n\000t\000e\000g\000r\000a\000t\000o\000r}{chapter.11}% 174
\BOOKMARK [2][-]{subsection.11.3.1}{\376\377\000S\000t\000e\000p\000\040\0001\000:\000\040\000P\000r\000e\000p\000a\000r\000i\000n\000g\000\040\000t\000h\000e\000\040\000D\000a\000t\000a}{section.11.3}% 175
\BOOKMARK [2][-]{subsection.11.3.2}{\376\377\000S\000t\000e\000p\000\040\0002\000:\000\040\000C\000a\000l\000l\000i\000n\000g\000\040\000t\000h\000e\000\040\000S\000e\000r\000v\000i\000c\000e}{section.11.3}% 176
\BOOKMARK [1][-]{section.11.4}{\376\377\000U\000n\000d\000e\000r\000\040\000t\000h\000e\000\040\000H\000o\000o\000d\000:\000\040\000T\000h\000e\000\040\000C\000o\000m\000m\000u\000n\000i\000c\000a\000t\000i\000o\000n\000\040\000F\000l\000o\000w}{chapter.11}% 177
\BOOKMARK [2][-]{subsection.11.4.1}{\376\377\000S\000e\000q\000u\000e\000n\000c\000e\000\040\000D\000i\000a\000g\000r\000a\000m\000:\000\040\000R\000u\000n\000n\000i\000n\000g\000\040\000a\000\040\000S\000i\000m\000u\000l\000a\000t\000i\000o\000n}{section.11.4}% 178
\BOOKMARK [1][-]{section.11.5}{\376\377\000D\000e\000e\000p\000\040\000D\000i\000v\000e\000:\000\040\000T\000h\000e\000\040\000C\000o\000d\000e}{chapter.11}% 179
\BOOKMARK [2][-]{subsection.11.5.1}{\376\377\000S\000e\000t\000u\000p\000\040\000a\000n\000d\000\040\000E\000n\000v\000i\000r\000o\000n\000m\000e\000n\000t}{section.11.5}% 180
\BOOKMARK [2][-]{subsection.11.5.2}{\376\377\000T\000h\000e\000\040\000S\000i\000m\000u\000l\000a\000t\000i\000o\000n\000\040\000C\000a\000l\000l\000\040\000\050\000r\000u\000n\000S\000i\000m\000p\000l\000e\000S\000i\000m\000u\000l\000a\000t\000i\000o\000n\000\051}{section.11.5}% 181
\BOOKMARK [2][-]{subsection.11.5.3}{\376\377\000T\000h\000e\000\040\000H\000e\000l\000p\000e\000r\000\040\000\050\000r\000u\000n\000S\000i\000m\000p\000l\000e\000S\000i\000m\000u\000l\000a\000t\000i\000o\000n\000F\000r\000o\000m\000S\000t\000r\000i\000n\000g\000\051}{section.11.5}% 182
\BOOKMARK [2][-]{subsection.11.5.4}{\376\377\000F\000e\000t\000c\000h\000i\000n\000g\000\040\000D\000e\000f\000a\000u\000l\000t\000s\000\040\000\050\000g\000e\000t\000D\000e\000f\000a\000u\000l\000t\000s\000\051}{section.11.5}% 183
\BOOKMARK [2][-]{subsection.11.5.5}{\376\377\000E\000r\000r\000o\000r\000\040\000H\000a\000n\000d\000l\000i\000n\000g\000\040\000\050\000h\000a\000n\000d\000l\000e\000E\000r\000r\000o\000r\000\051}{section.11.5}% 184
\BOOKMARK [1][-]{section.11.6}{\376\377\000I\000n\000t\000e\000g\000r\000a\000t\000i\000o\000n\000:\000\040\000T\000h\000e\000\040\000`\000`\000P\000a\000r\000a\000m\000e\000t\000e\000r\000\040\000I\000n\000p\000u\000t\000'\000'\000\040\000F\000o\000r\000m}{chapter.11}% 185
\BOOKMARK [1][-]{section.11.7}{\376\377\000C\000o\000n\000c\000l\000u\000s\000i\000o\000n}{chapter.11}% 186
